<html>
<body>
<pre>
<h1>µVision Build Log</h1>
<h2>Tool Versions:</h2>
IDE-Version: ¦ÌVision V5.27.0.0
Copyright (C) 2018 ARM Ltd and ARM Germany GmbH. All rights reserved.
License Information: ASD ASD, ASD, LIC=W9663-A1QZ7-9YEVW-QPLV6-USX4G-PUY7Z
 
Tool Versions:
Toolchain:       MDK-ARM Professional  Version: 5.27.0.0
Toolchain Path:  D:\Keil_v5\ARM\ARMCC\Bin
C Compiler:      Armcc.exe V5.06 update 6 (build 750)
Assembler:       Armasm.exe V5.06 update 6 (build 750)
Linker/Locator:  ArmLink.exe V5.06 update 6 (build 750)
Library Manager: ArmAr.exe V5.06 update 6 (build 750)
Hex Converter:   FromElf.exe V5.06 update 6 (build 750)
CPU DLL:         SARMCM3.DLL V5.27.0.0
Dialog DLL:      DCM.DLL V1.17.2.0
Target DLL:      STLink\ST-LINKIII-KEIL_SWO.dll V3.0.5.0
Dialog DLL:      TCM.DLL V1.36.1.0
 
<h2>Project:</h2>
F:\F7_emwin-rtos\MDK-ARM\TEST.uvprojx
Project File Date:  08/14/2019

<h2>Output:</h2>
*** Using Compiler 'V5.06 update 6 (build 750)', folder: 'D:\Keil_v5\ARM\ARMCC\Bin'
Build target 'TEST'
compiling w25q256.c...
compiling key.c...
compiling sdram.c...
compiling gfxsimulator.c...
compiling malloc.c...
compiling mpu.c...
compiling myiic.c...
compiling delay.c...
..\Src\delay.c(5): warning:  #550-D: variable "fac_ms"  was set but never used
  static uint32_t fac_ms=0;		   
..\Src\delay.c: 1 warning, 0 errors
compiling pcf8574.c...
compiling dma.c...
compiling gpio.c...
compiling main.c...
compiling ltdc.c...
compiling quadspi.c...
compiling freertos.c...
compiling sdmmc.c...
compiling tim.c...
compiling usart.c...
compiling stm32f7xx_hal_msp.c...
compiling stm32f7xx_it.c...
compiling crc.c...
compiling rgblcd.c...
compiling mysys.c...
compiling led.c...
compiling stm32f7xx_hal_pcd.c...
compiling stm32f7xx_hal_pcd_ex.c...
compiling rtc.c...
compiling stm32f7xx_ll_fmc.c...
compiling stm32f7xx_hal_cortex.c...
compiling stm32f7xx_hal_nand.c...
compiling stm32f7xx_hal_ltdc_ex.c...
compiling stm32f7xx_hal_sdram.c...
compiling stm32f7xx_hal_ltdc.c...
compiling stm32f7xx_ll_sdmmc.c...
compiling stm32f7xx_hal_dsi.c...
compiling stm32f7xx_hal_qspi.c...
compiling stm32f7xx_hal_sd.c...
compiling stm32f7xx_hal_tim_ex.c...
compiling stm32f7xx_hal_tim.c...
compiling stm32f7xx_hal_uart_ex.c...
compiling stm32f7xx_hal_uart.c...
compiling stm32f7xx_hal_hcd.c...
compiling stm32f7xx_hal_rcc.c...
compiling stm32f7xx_hal_rcc_ex.c...
compiling stm32f7xx_ll_usb.c...
compiling stm32f7xx_hal_flash.c...
compiling stm32f7xx_hal_gpio.c...
compiling stm32f7xx_hal_flash_ex.c...
compiling stm32f7xx_hal_dma.c...
compiling stm32f7xx_hal_pwr.c...
compiling stm32f7xx_hal_dma_ex.c...
compiling stm32f7xx_hal.c...
compiling stm32f7xx_hal_pwr_ex.c...
compiling stm32f7xx_hal_i2c.c...
compiling stm32f7xx_hal_exti.c...
compiling stm32f7xx_hal_crc.c...
compiling stm32f7xx_hal_i2c_ex.c...
compiling stm32f7xx_hal_jpeg.c...
compiling stm32f7xx_hal_crc_ex.c...
compiling stm32f7xx_hal_dma2d.c...
compiling stm32f7xx_hal_rtc_ex.c...
compiling system_stm32f7xx.c...
compiling stm32f7xx_hal_rtc.c...
compiling stmflash.c...
compiling text_zh.c...
compiling fontupd.c...
compiling ff.c...
compiling iap.c...
compiling ffsystem.c...
compiling diskio.c...
compiling ffunicode.c...
compiling usbh_core.c...
compiling exfuns.c...
compiling usbh_ioreq.c...
compiling usbh_pipes.c...
compiling usbh_ctlreq.c...
compiling usbh_msc_bot.c...
compiling usbh_msc_scsi.c...
compiling usbh_msc.c...
compiling ctiic.c...
compiling usbh_diskio_dma.c...
compiling usbh_conf.c...
compiling gt9147.c...
compiling pyinput.c...
compiling croutine.c...
compiling event_groups.c...
compiling queue.c...
compiling list.c...
compiling tasks.c...
compiling timers.c...
compiling stream_buffer.c...
compiling port.c...
compiling GUI_X_Touch_Analog.c...
compiling heap_4.c...
compiling GUIConf.c...
compiling GUI_X_FreeRTOS.c...
compiling GUI_FontHZ12.c...
compiling LCDConf_Lin_Template.c...
compiling GUI_FontHZ16.c...
compiling GUI_FontHZ24.c...
compiling GUI_FontHZ32.c...
compiling GUI_UC_EncodeNone.c...
compiling bmpdisplay.c...
compiling GUICharPEx.c...
compiling Hzfontupdata.c...
compiling pngdisplay.c...
compiling adler32.c...
..\EMWIN\STemWinPNG\adler32.c(57): warning:  #1294-D: Old-style function adler32
  uLong ZEXPORT adler32(adler, buf, len)
..\EMWIN\STemWinPNG\adler32.c(128): warning:  #1294-D: Old-style function adler32_combine
  uLong ZEXPORT adler32_combine(adler1, adler2, len2)
..\EMWIN\STemWinPNG\adler32.c: 2 warnings, 0 errors
compiling compress.c...
..\EMWIN\STemWinPNG\compress.c(22): warning:  #1294-D: Old-style function compress2
  int ZEXPORT compress2 (dest, destLen, source, sourceLen, level)
..\EMWIN\STemWinPNG\compress.c(62): warning:  #1294-D: Old-style function compress
  int ZEXPORT compress (dest, destLen, source, sourceLen)
..\EMWIN\STemWinPNG\compress.c(75): warning:  #1294-D: Old-style function compressBound
  uLong ZEXPORT compressBound (sourceLen)
..\EMWIN\STemWinPNG\compress.c: 3 warnings, 0 errors
compiling jpegdisplay.c...
compiling gifdisplay.c...
compiling crc32.c...
..\EMWIN\STemWinPNG\crc32.c(219): warning:  #1294-D: Old-style function crc32
  unsigned long ZEXPORT crc32(crc, buf, len)
..\EMWIN\STemWinPNG\crc32.c(242): warning:  #111-D: statement is unreachable
      crc = crc ^ 0xffffffffUL;
..\EMWIN\STemWinPNG\crc32.c(262): warning:  #1294-D: Old-style function crc32_little
  local unsigned long crc32_little(crc, buf, len)
..\EMWIN\STemWinPNG\crc32.c(302): warning:  #1294-D: Old-style function crc32_big
  local unsigned long crc32_big(crc, buf, len)
..\EMWIN\STemWinPNG\crc32.c(342): warning:  #1294-D: Old-style function gf2_matrix_times
  local unsigned long gf2_matrix_times(mat, vec)
..\EMWIN\STemWinPNG\crc32.c(359): warning:  #1294-D: Old-style function gf2_matrix_square
  local void gf2_matrix_square(square, mat)
..\EMWIN\STemWinPNG\crc32.c(370): warning:  #1294-D: Old-style function crc32_combine
  uLong ZEXPORT crc32_combine(crc1, crc2, len2)
..\EMWIN\STemWinPNG\crc32.c: 7 warnings, 0 errors
compiling GUI_PNG.c...
compiling deflate.c...
..\EMWIN\STemWinPNG\deflate.c(204): warning:  #1294-D: Old-style function deflateInit_
  int ZEXPORT deflateInit_(strm, level, version, stream_size)
..\EMWIN\STemWinPNG\deflate.c(216): warning:  #1294-D: Old-style function deflateInit2_
  int ZEXPORT deflateInit2_(strm, level, method, windowBits, memLevel, strategy,
..\EMWIN\STemWinPNG\deflate.c(315): warning:  #1294-D: Old-style function deflateSetDictionary
  int ZEXPORT deflateSetDictionary (strm, dictionary, dictLength)
..\EMWIN\STemWinPNG\deflate.c(357): warning:  #1294-D: Old-style function deflateReset
  int ZEXPORT deflateReset (strm)
..\EMWIN\STemWinPNG\deflate.c(393): warning:  #1294-D: Old-style function deflateSetHeader
  int ZEXPORT deflateSetHeader (strm, head)
..\EMWIN\STemWinPNG\deflate.c(404): warning:  #1294-D: Old-style function deflatePrime
  int ZEXPORT deflatePrime (strm, bits, value)
..\EMWIN\STemWinPNG\deflate.c(416): warning:  #1294-D: Old-style function deflateParams
  int ZEXPORT deflateParams(strm, level, strategy)
..\EMWIN\STemWinPNG\deflate.c(454): warning:  #1294-D: Old-style function deflateTune
  int ZEXPORT deflateTune(strm, good_length, max_lazy, nice_length, max_chain)
..\EMWIN\STemWinPNG\deflate.c(489): warning:  #1294-D: Old-style function deflateBound
  uLong ZEXPORT deflateBound(strm, sourceLen)
..\EMWIN\STemWinPNG\deflate.c(518): warning:  #1294-D: Old-style function putShortMSB
  local void putShortMSB (s, b)
..\EMWIN\STemWinPNG\deflate.c(532): warning:  #1294-D: Old-style function flush_pending
  local void flush_pending(strm)
..\EMWIN\STemWinPNG\deflate.c(552): warning:  #1294-D: Old-style function deflate
  int ZEXPORT deflate (strm, flush)
..\EMWIN\STemWinPNG\deflate.c(859): warning:  #1294-D: Old-style function deflateEnd
  int ZEXPORT deflateEnd (strm)
..\EMWIN\STemWinPNG\deflate.c(894): warning:  #1294-D: Old-style function deflateCopy
  int ZEXPORT deflateCopy (dest, source)
..\EMWIN\STemWinPNG\deflate.c(956): warning:  #1294-D: Old-style function read_buf
  local int read_buf(strm, buf, size)
..\EMWIN\STemWinPNG\deflate.c(986): warning:  #1294-D: Old-style function lm_init
  local void lm_init (s)
..\EMWIN\STemWinPNG\deflate.c(1027): warning:  #1294-D: Old-style function longest_match
  local uInt longest_match(s, cur_match)
..\EMWIN\STemWinPNG\deflate.c(1175): warning:  #1294-D: Old-style function longest_match_fast
  local uInt longest_match_fast(s, cur_match)
..\EMWIN\STemWinPNG\deflate.c(1266): warning:  #1294-D: Old-style function fill_window
  local void fill_window(s)
..\EMWIN\STemWinPNG\deflate.c(1390): warning:  #1294-D: Old-style function deflate_stored
  local block_state deflate_stored(s, flush)
..\EMWIN\STemWinPNG\deflate.c(1448): warning:  #1294-D: Old-style function deflate_fast
  local block_state deflate_fast(s, flush)
..\EMWIN\STemWinPNG\deflate.c(1554): warning:  #1294-D: Old-style function deflate_slow
  local block_state deflate_slow(s, flush)
..\EMWIN\STemWinPNG\deflate.c: 22 warnings, 0 errors
compiling IMAGE_PNG.c...
compiling infback.c...
..\EMWIN\STemWinPNG\infback.c(28): warning:  #1294-D: Old-style function inflateBackInit_
  int ZEXPORT inflateBackInit_(strm, windowBits, window, version, stream_size)
..\EMWIN\STemWinPNG\infback.c(73): warning:  #1294-D: Old-style function fixedtables
  local void fixedtables(state)
..\EMWIN\STemWinPNG\infback.c(241): warning:  #1294-D: Old-style function inflateBack
  int ZEXPORT inflateBack(strm, in, in_desc, out, out_desc)
..\EMWIN\STemWinPNG\infback.c(614): warning:  #1294-D: Old-style function inflateBackEnd
  int ZEXPORT inflateBackEnd(strm)
..\EMWIN\STemWinPNG\infback.c: 4 warnings, 0 errors
compiling inffast.c...
..\EMWIN\STemWinPNG\inffast.c(67): warning:  #1294-D: Old-style function inflate_fast
  void inflate_fast(strm, start)
..\EMWIN\STemWinPNG\inffast.c: 1 warning, 0 errors
compiling inftrees.c...
compiling inflate.c...
..\EMWIN\STemWinPNG\inflate.c(103): warning:  #1294-D: Old-style function inflateReset
  int ZEXPORT inflateReset(strm)
..\EMWIN\STemWinPNG\inflate.c(128): warning:  #1294-D: Old-style function inflatePrime
  int ZEXPORT inflatePrime(strm, bits, value)
..\EMWIN\STemWinPNG\inflate.c(144): warning:  #1294-D: Old-style function inflateInit2_
  int ZEXPORT inflateInit2_(strm, windowBits, version, stream_size)
..\EMWIN\STemWinPNG\inflate.c(187): warning:  #1294-D: Old-style function inflateInit_
  int ZEXPORT inflateInit_(strm, version, stream_size)
..\EMWIN\STemWinPNG\inflate.c(205): warning:  #1294-D: Old-style function fixedtables
  local void fixedtables(state)
..\EMWIN\STemWinPNG\inflate.c(323): warning:  #1294-D: Old-style function updatewindow
  local int updatewindow(strm, out)
..\EMWIN\STemWinPNG\inflate.c(554): warning:  #1294-D: Old-style function inflate
  int ZEXPORT inflate(strm, flush)
..\EMWIN\STemWinPNG\inflate.c(1155): warning:  #1294-D: Old-style function inflateEnd
  int ZEXPORT inflateEnd(strm)
..\EMWIN\STemWinPNG\inflate.c(1169): warning:  #1294-D: Old-style function inflateSetDictionary
  int ZEXPORT inflateSetDictionary(strm, dictionary, dictLength)
..\EMWIN\STemWinPNG\inflate.c(1211): warning:  #1294-D: Old-style function inflateGetHeader
  int ZEXPORT inflateGetHeader(strm, head)
..\EMWIN\STemWinPNG\inflate.c(1239): warning:  #1294-D: Old-style function syncsearch
  local unsigned syncsearch(have, buf, len)
..\EMWIN\STemWinPNG\inflate.c(1262): warning:  #1294-D: Old-style function inflateSync
  int ZEXPORT inflateSync(strm)
..\EMWIN\STemWinPNG\inflate.c(1313): warning:  #1294-D: Old-style function inflateSyncPoint
  int ZEXPORT inflateSyncPoint(strm)
..\EMWIN\STemWinPNG\inflate.c(1323): warning:  #1294-D: Old-style function inflateCopy
  int ZEXPORT inflateCopy(dest, source)
..\EMWIN\STemWinPNG\inflate.c: 14 warnings, 0 errors
compiling png.c...
compiling pngerror.c...
compiling pngmem.c...
compiling pngget.c...
compiling pngpread.c...
compiling pngrio.c...
compiling pngread.c...
compiling pngset.c...
compiling pngrutil.c...
compiling pngtrans.c...
compiling pngrtran.c...
..\EMWIN\STemWinPNG\pngrtran.c(631): warning:  #1035-D: single-precision operand implicitly converted to double-precision
        int red_fixed = (int)((float)red*100000.0 + 0.5);
..\EMWIN\STemWinPNG\pngrtran.c(632): warning:  #1035-D: single-precision operand implicitly converted to double-precision
        int green_fixed = (int)((float)green*100000.0 + 0.5);
..\EMWIN\STemWinPNG\pngrtran.c(834): warning:  #1035-D: single-precision operand implicitly converted to double-precision
         && (fabs(png_ptr->screen_gamma * png_ptr->gamma - 1.0)
..\EMWIN\STemWinPNG\pngrtran.c(849): warning:  #1035-D: single-precision operand implicitly converted to double-precision
          png_ptr->gamma != 0.0)
..\EMWIN\STemWinPNG\pngrtran.c(884): warning:  #1035-D: single-precision operand implicitly converted to double-precision
                       g = 1.0 / (png_ptr->gamma);
..\EMWIN\STemWinPNG\pngrtran.c(885): warning:  #1035-D: single-precision operand implicitly converted to double-precision
                       gs = 1.0 / (png_ptr->gamma * png_ptr->screen_gamma);
..\EMWIN\STemWinPNG\pngrtran.c(888): warning:  #1035-D: single-precision operand implicitly converted to double-precision
                       g = 1.0 / (png_ptr->background_gamma);
..\EMWIN\STemWinPNG\pngrtran.c(889): warning:  #1035-D: single-precision operand implicitly converted to double-precision
                       gs = 1.0 / (png_ptr->background_gamma *
..\EMWIN\STemWinPNG\pngrtran.c(968): warning:  #1035-D: single-precision operand implicitly converted to double-precision
                    g = 1.0 / (png_ptr->gamma);
..\EMWIN\STemWinPNG\pngrtran.c(969): warning:  #1035-D: single-precision operand implicitly converted to double-precision
                    gs = 1.0 / (png_ptr->gamma * png_ptr->screen_gamma);
..\EMWIN\STemWinPNG\pngrtran.c(972): warning:  #1035-D: single-precision operand implicitly converted to double-precision
                    g = 1.0 / (png_ptr->background_gamma);
..\EMWIN\STemWinPNG\pngrtran.c(973): warning:  #1035-D: single-precision operand implicitly converted to double-precision
                    gs = 1.0 / (png_ptr->background_gamma *
..\EMWIN\STemWinPNG\pngrtran.c(3986): warning:  #1035-D: single-precision operand implicitly converted to double-precision
       if (png_ptr->screen_gamma > .000001)
..\EMWIN\STemWinPNG\pngrtran.c(3987): warning:  #1035-D: single-precision operand implicitly converted to double-precision
          g = 1.0 / (png_ptr->gamma * png_ptr->screen_gamma);
..\EMWIN\STemWinPNG\pngrtran.c(4005): warning:  #1035-D: single-precision operand implicitly converted to double-precision
          g = 1.0 / (png_ptr->gamma);
..\EMWIN\STemWinPNG\pngrtran.c(4020): warning:  #1035-D: single-precision operand implicitly converted to double-precision
          if(png_ptr->screen_gamma > 0.000001)
..\EMWIN\STemWinPNG\pngrtran.c(4021): warning:  #1035-D: single-precision operand implicitly converted to double-precision
             g = 1.0 / png_ptr->screen_gamma;
..\EMWIN\STemWinPNG\pngrtran.c(4074): warning:  #1035-D: single-precision operand implicitly converted to double-precision
       if (png_ptr->screen_gamma > .000001)
..\EMWIN\STemWinPNG\pngrtran.c(4075): warning:  #1035-D: single-precision operand implicitly converted to double-precision
          g = 1.0 / (png_ptr->gamma * png_ptr->screen_gamma);
..\EMWIN\STemWinPNG\pngrtran.c(4137): warning:  #1035-D: single-precision operand implicitly converted to double-precision
          g = 1.0 / (png_ptr->gamma);
..\EMWIN\STemWinPNG\pngrtran.c(4157): warning:  #1035-D: single-precision operand implicitly converted to double-precision
          if(png_ptr->screen_gamma > 0.000001)
..\EMWIN\STemWinPNG\pngrtran.c(4158): warning:  #1035-D: single-precision operand implicitly converted to double-precision
             g = 1.0 / png_ptr->screen_gamma;
..\EMWIN\STemWinPNG\pngrtran.c: 22 warnings, 0 errors
compiling pngwio.c...
compiling pngwrite.c...
compiling pngwtran.c...
compiling pngwutil.c...
compiling uncompr.c...
..\EMWIN\STemWinPNG\uncompr.c(26): warning:  #1294-D: Old-style function uncompress
  int ZEXPORT uncompress (dest, destLen, source, sourceLen)
..\EMWIN\STemWinPNG\uncompr.c: 1 warning, 0 errors
compiling trees.c...
..\EMWIN\STemWinPNG\trees.c(382): warning:  #1294-D: Old-style function _tr_init
  void _tr_init(s)
..\EMWIN\STemWinPNG\trees.c(411): warning:  #1294-D: Old-style function init_block
  local void init_block(s)
..\EMWIN\STemWinPNG\trees.c(455): warning:  #1294-D: Old-style function pqdownheap
  local void pqdownheap(s, tree, k)
..\EMWIN\STemWinPNG\trees.c(490): warning:  #1294-D: Old-style function gen_bitlen
  local void gen_bitlen(s, desc)
..\EMWIN\STemWinPNG\trees.c(577): warning:  #1294-D: Old-style function gen_codes
  local void gen_codes (tree, max_code, bl_count)
..\EMWIN\STemWinPNG\trees.c(619): warning:  #1294-D: Old-style function build_tree
  local void build_tree(s, desc)
..\EMWIN\STemWinPNG\trees.c(707): warning:  #1294-D: Old-style function scan_tree
  local void scan_tree (s, tree, max_code)
..\EMWIN\STemWinPNG\trees.c(752): warning:  #1294-D: Old-style function send_tree
  local void send_tree (s, tree, max_code)
..\EMWIN\STemWinPNG\trees.c(803): warning:  #1294-D: Old-style function build_bl_tree
  local int build_bl_tree(s)
..\EMWIN\STemWinPNG\trees.c(838): warning:  #1294-D: Old-style function send_all_trees
  local void send_all_trees(s, lcodes, dcodes, blcodes)
..\EMWIN\STemWinPNG\trees.c(867): warning:  #1294-D: Old-style function _tr_stored_block
  void _tr_stored_block(s, buf, stored_len, eof)
..\EMWIN\STemWinPNG\trees.c(892): warning:  #1294-D: Old-style function _tr_align
  void _tr_align(s)
..\EMWIN\STemWinPNG\trees.c(921): warning:  #1294-D: Old-style function _tr_flush_block
  void _tr_flush_block(s, buf, stored_len, eof)
..\EMWIN\STemWinPNG\trees.c(1022): warning:  #1294-D: Old-style function _tr_tally
  int _tr_tally (s, dist, lc)
..\EMWIN\STemWinPNG\trees.c(1072): warning:  #1294-D: Old-style function compress_block
  local void compress_block(s, ltree, dtree)
..\EMWIN\STemWinPNG\trees.c(1126): warning:  #1294-D: Old-style function set_data_type
  local void set_data_type(s)
..\EMWIN\STemWinPNG\trees.c(1146): warning:  #1294-D: Old-style function bi_reverse
  local unsigned bi_reverse(code, len)
..\EMWIN\STemWinPNG\trees.c(1161): warning:  #1294-D: Old-style function bi_flush
  local void bi_flush(s)
..\EMWIN\STemWinPNG\trees.c(1178): warning:  #1294-D: Old-style function bi_windup
  local void bi_windup(s)
..\EMWIN\STemWinPNG\trees.c(1197): warning:  #1294-D: Old-style function copy_block
  local void copy_block(s, buf, len, header)
..\EMWIN\STemWinPNG\trees.c: 20 warnings, 0 errors
compiling zutil.c...
..\EMWIN\STemWinPNG\zutil.c(133): warning:  #1294-D: Old-style function zError
  const char * ZEXPORT zError(err)
..\EMWIN\STemWinPNG\zutil.c(300): warning:  #1294-D: Old-style function zcalloc
  voidpf zcalloc (opaque, items, size)
..\EMWIN\STemWinPNG\zutil.c(310): warning:  #1294-D: Old-style function zcfree
  void  zcfree (opaque, ptr)
..\EMWIN\STemWinPNG\zutil.c: 3 warnings, 0 errors
compiling fontupdate.c...
compiling clockapp_usepic.c...
compiling left.c...
compiling return.c...
compiling right.c...
compiling systemupdate.c...
compiling iconbmp.c...
compiling backgroud.c...
compiling buttonbmp.c...
compiling keypad.c...
..\EMWIN\KEYPAD\keypad.c(63): warning:  #177-D: function "_DrawBkSpc"  was declared but never referenced
  static void _DrawBkSpc (WM_HWIN hWin) {  _DrawCentered(hWin, &bmBackSpace); }	//»æÖÆÍË¸ñ¼ü(É¾³ý¼ü)
..\EMWIN\KEYPAD\keypad.c(64): warning:  #177-D: function "_DrawEnter"  was declared but never referenced
  static void _DrawEnter (WM_HWIN hWin) {  _DrawCentered(hWin, &bmEnter); }		//»æÖÆ»Ø³µ¼ü
..\EMWIN\KEYPAD\keypad.c(65): warning:  #177-D: function "_DrawShift"  was declared but never referenced
  static void _DrawShift (WM_HWIN hWin) {  _DrawCentered(hWin, &bmShift); }		//»æÖÆshift¼ü
..\EMWIN\KEYPAD\keypad.c(66): warning:  #177-D: function "_DrawRetern"  was declared but never referenced
  static void _DrawRetern(WM_HWIN hWin) {  _DrawCentered(hWin, &bmReturn); }		//»æÖÆ·µ»Ø¼ü
..\EMWIN\KEYPAD\keypad.c: 4 warnings, 0 errors
compiling document.c...
compiling icondemo.c...
compiling picture_app.c...
compiling led_beep.c...
compiling use_app.c...
..\EMWIN\tsst\use_app.c(73): warning:  #177-D: variable "Header_Buff"  was declared but never referenced
  	char Header_Buff[500];
..\EMWIN\tsst\use_app.c: 1 warning, 0 errors
compiling qrcodeapp.c...
..\EMWIN\tsst\qrcodeapp.c(64): warning:  #177-D: variable "hWin"  was declared but never referenced
      WM_HWIN hWin = pMsg->hWin;
..\EMWIN\tsst\qrcodeapp.c: 1 warning, 0 errors
compiling setclock.c...
compiling clockapp.c...
compiling comapp.c...
compiling updateapp.c...
..\EMWIN\tsst\updateapp.c(30): warning:  #177-D: variable "hWin"  was declared but never referenced
      WM_HWIN hWin = pMsg->hWin;
..\EMWIN\tsst\updateapp.c: 1 warning, 0 errors
compiling warndialog.c...
linking...
Program Size: Code=289236 RO-data=495732 RW-data=7016 ZI-data=24730664  
FromELF: creating hex file...
"TEST\TEST.axf" - 0 Error(s), 107 Warning(s).

<h2>Software Packages used:</h2>

Package Vendor: ARM
                http://www.keil.com/pack/ARM.CMSIS.5.4.0.pack
                ARM.CMSIS.5.4.0
                CMSIS (Cortex Microcontroller Software Interface Standard)
   * Component: CORE Version: 5.1.2

Package Vendor: Keil
                http://www.keil.com/pack/Keil.STM32F7xx_DFP.2.11.0.pack
                Keil.STM32F7xx_DFP.2.11.0
                STMicroelectronics STM32F7 Series Device Support, Drivers and Examples

<h2>Collection of Component include folders:</h2>
  .\RTE\_TEST
  D:\Keil_v5\ARM\PACK\ARM\CMSIS\5.4.0\CMSIS\Core\Include
  D:\Keil_v5\ARM\PACK\Keil\STM32F7xx_DFP\2.11.0\Drivers\CMSIS\Device\ST\STM32F7xx\Include

<h2>Collection of Component Files used:</h2>

   * Component: ARM::CMSIS:CORE:5.1.2
Build Time Elapsed:  00:06:15
</pre>
</body>
</html>
